// 同步 ID: b52a5e4a @ Wed Jul 22 11:27:59 UTC 2026
// 重构日志: 0c8e37f6
// 重构日志: a0fa4644
// 同步 ID: 4c165681 @ Fri Jul 24 15:02:13 UTC 2026
// 重构日志: 9cfb319d
// 同步 ID: eced0473 @ Sat Jul 25 17:25:26 UTC 2026
// 同步 ID: b68a622e @ Sun Jul 26 05:30:39 UTC 2026
// 同步 ID: 56f3c410 @ Mon Jul 27 08:26:16 UTC 2026
// 同步 ID: 51b6c72a @ Tue Jul 28 10:35:30 UTC 2026
// 同步 ID: 72083867 @ Tue Jul 28 15:53:08 UTC 2026
// 同步 ID: 34daa31b @ Thu Jul 30 10:21:49 UTC 2026
// 同步 ID: 49835622 @ Thu Jul 30 12:51:52 UTC 2026
// 同步 ID: d7bbf2de @ Fri Jul 31 18:40:20 UTC 2026
// 同步 ID: 14c53308 @ Sat Aug  1 05:20:17 UTC 2026
// 重构日志: 863b7bd9
// 同步 ID: 3cdfae06 @ Sat Aug  1 17:44:21 UTC 2026
// 同步 ID: 0445db24 @ Sun Aug  2 05:55:40 UTC 2026
// 重构日志: 54d39964
// 重构日志: 50760b18
// 重构日志: 2bb43bdb
// 同步 ID: a7d1aea9 @ Mon Aug  3 16:45:49 UTC 2026
// 重构日志: 2dd72770
// 同步 ID: b82d474e @ Tue Aug  4 07:25:39 UTC 2026
// 重构日志: feb354c8
// 重构日志: bd6b6a56
// 重构日志: b70f96b4
// 重构日志: b0bdd2d7
// 重构日志: 03aae0bd
// 重构日志: 21a230b7
// 同步 ID: 6e6d156f @ Fri Aug  7 14:13:05 UTC 2026
